[2026-04-06 22:01:49] === Compile started (mode: --daily) ===
[2026-04-06 22:02:09] Ollama OK (qwen2.5:72b)
[2026-04-06 22:02:09] Compiling #_y-tower (7 files)...
[2026-04-06 22:02:09]   ❌ #_y-tower compile failed
[2026-04-06 22:02:09] Compiling #github-trending (7 files)...
[2026-04-06 22:02:09]   ❌ #github-trending compile failed
[2026-04-06 22:02:09] Compiling #knowledge (7 files)...
[2026-04-06 22:02:09]   ❌ #knowledge compile failed
[2026-04-06 22:02:09] Compiling #m116gmac (7 files)...
[2026-04-06 22:02:09]   ❌ #m116gmac compile failed
[2026-04-06 22:02:09] Compiling #mybidwise (7 files)...
[2026-04-06 22:02:10]   ❌ #mybidwise compile failed
[2026-04-06 22:02:10] Compiling #snp500-trading (7 files)...
[2026-04-06 22:02:10]   ❌ #snp500-trading compile failed
[2026-04-06 22:02:10] Compiling #wiki (1 files)...
[2026-04-06 22:02:10]   ❌ #wiki compile failed
[2026-04-06 22:02:10] Compiling #world-model (7 files)...
[2026-04-06 22:02:10]   ❌ #world-model compile failed
[2026-04-06 22:02:10] No changes to commit
[2026-04-06 22:02:10] === Compile done ===
[2026-04-06 22:02:24] === Compile started (mode: --daily) ===
[2026-04-06 22:02:24] Ollama OK (qwen2.5:72b)
[2026-04-06 22:02:24] Compiling #_y-tower (7 files)...
[2026-04-06 22:04:26]   ✅ #_y-tower → wiki/channels/_y-tower.md
[2026-04-06 22:04:26] Compiling #github-trending (7 files)...
[2026-04-06 22:09:09]   ✅ #github-trending → wiki/channels/github-trending.md
[2026-04-06 22:09:09] Compiling #knowledge (7 files)...
[2026-04-06 22:12:04]   ✅ #knowledge → wiki/channels/knowledge.md
[2026-04-06 22:12:04] Compiling #m116gmac (7 files)...
[2026-04-06 22:16:04]   ✅ #m116gmac → wiki/channels/m116gmac.md
[2026-04-06 22:16:04] Compiling #mybidwise (7 files)...
[2026-04-06 22:18:09]   ✅ #mybidwise → wiki/channels/mybidwise.md
[2026-04-06 22:18:09] Compiling #snp500-trading (7 files)...
[2026-04-06 22:23:10]   ❌ #snp500-trading compile failed
[2026-04-06 22:23:10] Compiling #wiki (1 files)...
[2026-04-06 22:24:36]   ✅ #wiki → wiki/channels/wiki.md
[2026-04-06 22:24:36] Compiling #world-model (7 files)...
[2026-04-06 22:26:49]   ✅ #world-model → wiki/channels/world-model.md
[2026-04-06 22:26:50] git push failed
[2026-04-06 22:26:50] Git pushed
[2026-04-06 22:26:50] === Compile done ===
[2026-04-07 01:00:01] === Compile started (mode: --daily) ===
[2026-04-07 01:00:01] === Compile started (mode: --daily) ===
[2026-04-07 01:00:24] Ollama OK (qwen2.5:72b)
[2026-04-07 01:00:24] Ollama OK (qwen2.5:72b)
[2026-04-07 01:00:24] No changes to commit
[2026-04-07 01:00:24] No changes to commit
[2026-04-07 01:00:24] === Compile done ===
[2026-04-07 01:00:24] === Compile done ===
✅ Built /Users/andrew/PRJs/personal-wiki/index.html (61,707 bytes, 4 tabs)
[2026-04-08 01:00:00] === Compile started (mode: --daily) ===
[2026-04-08 01:00:00] === Compile started (mode: --daily) ===
[2026-04-08 01:00:19] Ollama OK (qwen2.5:72b)
[2026-04-08 01:00:19] Ollama OK (qwen2.5:72b)
[2026-04-08 01:00:19] No changes to commit
[2026-04-08 01:00:19] No changes to commit
[2026-04-08 01:00:19] === Compile done ===
[2026-04-08 01:00:19] === Compile done ===
✅ Built /Users/andrew/PRJs/personal-wiki/index.html (61,707 bytes, 4 tabs)
[2026-04-09 01:00:00] === Compile started (mode: --daily) ===
[2026-04-09 01:00:00] === Compile started (mode: --daily) ===
[2026-04-09 01:00:19] Ollama OK (qwen2.5:72b)
[2026-04-09 01:00:19] Ollama OK (qwen2.5:72b)
[2026-04-09 01:00:19] No changes to commit
[2026-04-09 01:00:19] No changes to commit
[2026-04-09 01:00:19] === Compile done ===
[2026-04-09 01:00:19] === Compile done ===
✅ Built /Users/andrew/PRJs/personal-wiki/index.html (61,707 bytes, 4 tabs)
[2026-04-10 01:00:00] === Compile started (mode: --daily) ===
[2026-04-10 01:00:00] === Compile started (mode: --daily) ===
[2026-04-10 01:00:19] Ollama OK (qwen2.5:72b)
[2026-04-10 01:00:19] Ollama OK (qwen2.5:72b)
[2026-04-10 01:00:19] No changes to commit
[2026-04-10 01:00:19] No changes to commit
[2026-04-10 01:00:19] === Compile done ===
[2026-04-10 01:00:19] === Compile done ===
✅ Built /Users/andrew/PRJs/personal-wiki/index.html (61,707 bytes, 4 tabs)
[2026-04-11 01:00:01] === Compile started (mode: --daily) ===
[2026-04-11 01:00:01] === Compile started (mode: --daily) ===
[2026-04-11 01:00:25] Ollama OK (qwen2.5:72b)
[2026-04-11 01:00:25] Ollama OK (qwen2.5:72b)
[main 32b7b6b] auto: wiki compile 2026-04-11
 2 files changed, 67 insertions(+)
 create mode 100644 wiki/projects/mybidwise/seo-blog-strategy.md
fatal: could not read Username for 'https://github.com': Device not configured
[2026-04-11 01:00:26] git push failed
[2026-04-11 01:00:26] git push failed
[2026-04-11 01:00:26] Git pushed
[2026-04-11 01:00:26] Git pushed
[2026-04-11 01:00:26] === Compile done ===
[2026-04-11 01:00:26] === Compile done ===
✅ Built /Users/andrew/PRJs/personal-wiki/index.html (61,707 bytes, 4 tabs)
[2026-04-12 01:00:01] === Compile started (mode: --daily) ===
[2026-04-12 01:00:01] === Compile started (mode: --daily) ===
[2026-04-12 01:00:04] Ollama OK (qwen2.5:72b)
[2026-04-12 01:00:04] Ollama OK (qwen2.5:72b)
[main fca1d9d] auto: wiki compile 2026-04-12
 1 file changed, 3 insertions(+)
fatal: could not read Username for 'https://github.com': Device not configured
[2026-04-12 01:00:04] git push failed
[2026-04-12 01:00:04] git push failed
[2026-04-12 01:00:04] Git pushed
[2026-04-12 01:00:04] Git pushed
[2026-04-12 01:00:04] === Compile done ===
[2026-04-12 01:00:04] === Compile done ===
✅ Built /Users/andrew/PRJs/personal-wiki/index.html (61,707 bytes, 4 tabs)
[2026-04-13 01:00:00] === Compile started (mode: --daily) ===
[2026-04-13 01:00:00] === Compile started (mode: --daily) ===
[2026-04-13 01:00:24] Ollama OK (qwen2.5:72b)
[2026-04-13 01:00:24] Ollama OK (qwen2.5:72b)
[main 699d490] auto: wiki compile 2026-04-13
 1 file changed, 101 insertions(+)
 create mode 100644 wiki/tech/ai-tools-stack.md
fatal: could not read Username for 'https://github.com': Device not configured
[2026-04-13 01:00:24] git push failed
[2026-04-13 01:00:24] git push failed
[2026-04-13 01:00:24] Git pushed
[2026-04-13 01:00:24] Git pushed
[2026-04-13 01:00:24] === Compile done ===
[2026-04-13 01:00:24] === Compile done ===
✅ Built /Users/andrew/PRJs/personal-wiki/index.html (61,707 bytes, 4 tabs)
[2026-04-14 01:00:00] === Compile started (mode: --daily) ===
[2026-04-14 01:00:00] === Compile started (mode: --daily) ===
[2026-04-14 01:00:19] Ollama OK (qwen2.5:72b)
[2026-04-14 01:00:19] Ollama OK (qwen2.5:72b)
[main 29028ef] auto: wiki compile 2026-04-14
 1 file changed, 3 insertions(+)
fatal: could not read Username for 'https://github.com': Device not configured
[2026-04-14 01:00:20] git push failed
[2026-04-14 01:00:20] git push failed
[2026-04-14 01:00:20] Git pushed
[2026-04-14 01:00:20] Git pushed
[2026-04-14 01:00:20] === Compile done ===
[2026-04-14 01:00:20] === Compile done ===
✅ Built /Users/andrew/PRJs/personal-wiki/index.html (61,707 bytes, 4 tabs)
[2026-04-15 01:00:00] === Compile started (mode: --daily) ===
[2026-04-15 01:00:00] === Compile started (mode: --daily) ===
[2026-04-15 01:00:19] Ollama OK (qwen2.5:72b)
[2026-04-15 01:00:19] Ollama OK (qwen2.5:72b)
[main 66adfa7] auto: wiki compile 2026-04-15
 1 file changed, 3 insertions(+)
fatal: could not read Username for 'https://github.com': Device not configured
[2026-04-15 01:00:20] git push failed
[2026-04-15 01:00:20] git push failed
[2026-04-15 01:00:20] Git pushed
[2026-04-15 01:00:20] Git pushed
[2026-04-15 01:00:20] === Compile done ===
[2026-04-15 01:00:20] === Compile done ===
✅ Built /Users/andrew/PRJs/personal-wiki/index.html (61,707 bytes, 4 tabs)
[2026-04-16 01:00:01] === Compile started (mode: --daily) ===
[2026-04-16 01:00:01] === Compile started (mode: --daily) ===
[2026-04-16 01:00:20] Ollama OK (qwen2.5:72b)
[2026-04-16 01:00:20] Ollama OK (qwen2.5:72b)
[main 5174216] auto: wiki compile 2026-04-16
 2 files changed, 89 insertions(+)
 create mode 100644 wiki/projects/y-holdings/y-tower-system.md
fatal: could not read Username for 'https://github.com': Device not configured
[2026-04-16 01:00:20] git push failed
[2026-04-16 01:00:20] git push failed
[2026-04-16 01:00:20] Git pushed
[2026-04-16 01:00:20] Git pushed
[2026-04-16 01:00:20] === Compile done ===
[2026-04-16 01:00:20] === Compile done ===
✅ Built /Users/andrew/PRJs/personal-wiki/index.html (61,707 bytes, 4 tabs)
[2026-04-17 01:00:00] === Compile started (mode: --daily) ===
[2026-04-17 01:00:00] === Compile started (mode: --daily) ===
[2026-04-17 01:00:19] Ollama OK (qwen2.5:72b)
[2026-04-17 01:00:19] Ollama OK (qwen2.5:72b)
[2026-04-17 01:00:20] No changes to commit
[2026-04-17 01:00:20] No changes to commit
[2026-04-17 01:00:20] === Compile done ===
[2026-04-17 01:00:20] === Compile done ===
✅ Built /Users/andrew/PRJs/personal-wiki/index.html (61,707 bytes, 4 tabs)
[2026-04-18 01:00:01] === Compile started (mode: --daily) ===
[2026-04-18 01:00:01] === Compile started (mode: --daily) ===
[2026-04-18 01:00:24] Ollama OK (qwen2.5:72b)
[2026-04-18 01:00:24] Ollama OK (qwen2.5:72b)
[main 7caf445] auto: wiki compile 2026-04-18
 1 file changed, 3 insertions(+)
fatal: could not read Username for 'https://github.com': Device not configured
[2026-04-18 01:00:24] git push failed
[2026-04-18 01:00:24] git push failed
[2026-04-18 01:00:24] Git pushed
[2026-04-18 01:00:24] Git pushed
[2026-04-18 01:00:24] === Compile done ===
[2026-04-18 01:00:24] === Compile done ===
✅ Built /Users/andrew/PRJs/personal-wiki/index.html (61,707 bytes, 4 tabs)
[2026-04-19 01:00:01] === Compile started (mode: --daily) ===
[2026-04-19 01:00:01] === Compile started (mode: --daily) ===
[2026-04-19 01:00:19] Ollama OK (qwen2.5:72b)
[2026-04-19 01:00:19] Ollama OK (qwen2.5:72b)
[main 6b05b9a] auto: wiki compile 2026-04-19
 1 file changed, 3 insertions(+)
fatal: could not read Username for 'https://github.com': Device not configured
[2026-04-19 01:00:20] git push failed
[2026-04-19 01:00:20] git push failed
[2026-04-19 01:00:20] Git pushed
[2026-04-19 01:00:20] Git pushed
[2026-04-19 01:00:20] === Compile done ===
[2026-04-19 01:00:20] === Compile done ===
✅ Built /Users/andrew/PRJs/personal-wiki/index.html (61,707 bytes, 4 tabs)
[2026-04-20 01:00:00] === Compile started (mode: --daily) ===
[2026-04-20 01:00:00] === Compile started (mode: --daily) ===
[2026-04-20 01:00:19] Ollama OK (qwen2.5:72b)
[2026-04-20 01:00:19] Ollama OK (qwen2.5:72b)
[main 4093b02] auto: wiki compile 2026-04-20
 1 file changed, 3 insertions(+)
fatal: could not read Username for 'https://github.com': Device not configured
[2026-04-20 01:00:20] git push failed
[2026-04-20 01:00:20] git push failed
[2026-04-20 01:00:20] Git pushed
[2026-04-20 01:00:20] Git pushed
[2026-04-20 01:00:20] === Compile done ===
[2026-04-20 01:00:20] === Compile done ===
✅ Built /Users/andrew/PRJs/personal-wiki/index.html (61,707 bytes, 4 tabs)
[2026-04-21 01:00:00] === Compile started (mode: --daily) ===
[2026-04-21 01:00:00] === Compile started (mode: --daily) ===
[2026-04-21 01:00:00] Ollama OK (qwen2.5:72b)
[2026-04-21 01:00:00] Ollama OK (qwen2.5:72b)
[2026-04-21 01:00:01] No changes to commit
[2026-04-21 01:00:01] No changes to commit
[2026-04-21 01:00:01] === Compile done ===
[2026-04-21 01:00:01] === Compile done ===
✅ Built /Users/andrew/PRJs/personal-wiki/index.html (61,707 bytes, 4 tabs)
[2026-04-22 01:00:00] === Compile started (mode: --daily) ===
[2026-04-22 01:00:00] === Compile started (mode: --daily) ===
[2026-04-22 01:00:00] Ollama OK (qwen2.5:72b)
[2026-04-22 01:00:00] Ollama OK (qwen2.5:72b)
[main 732521e] auto: wiki compile 2026-04-22
 2 files changed, 98 insertions(+)
 create mode 100644 wiki/insights/huberman-peptides-sleep-tech-a16z.md
fatal: could not read Username for 'https://github.com': Device not configured
[2026-04-22 01:00:01] git push failed
[2026-04-22 01:00:01] git push failed
[2026-04-22 01:00:01] Git pushed
[2026-04-22 01:00:01] Git pushed
[2026-04-22 01:00:01] === Compile done ===
[2026-04-22 01:00:01] === Compile done ===
✅ Built /Users/andrew/PRJs/personal-wiki/index.html (61,707 bytes, 4 tabs)
[2026-04-23 01:00:00] === Compile started (mode: --daily) ===
[2026-04-23 01:00:00] === Compile started (mode: --daily) ===
[2026-04-23 01:00:00] Ollama OK (qwen2.5:72b)
[2026-04-23 01:00:00] Ollama OK (qwen2.5:72b)
[main 4d3d161] auto: wiki compile 2026-04-23
 3 files changed, 219 insertions(+)
 create mode 100644 wiki/business/tower/y-tower-agent-capabilities.md
fatal: could not read Username for 'https://github.com': Device not configured
[2026-04-23 01:00:01] git push failed
[2026-04-23 01:00:01] git push failed
[2026-04-23 01:00:01] Git pushed
[2026-04-23 01:00:01] Git pushed
[2026-04-23 01:00:01] === Compile done ===
[2026-04-23 01:00:01] === Compile done ===
✅ Built /Users/andrew/PRJs/personal-wiki/index.html (61,707 bytes, 4 tabs)
[2026-04-24 01:00:00] === Compile started (mode: --daily) ===
[2026-04-24 01:00:00] === Compile started (mode: --daily) ===
[2026-04-24 01:00:01] Ollama OK (qwen2.5:72b)
[2026-04-24 01:00:01] Ollama OK (qwen2.5:72b)
[main 07435a1] auto: wiki compile 2026-04-24
 5 files changed, 460 insertions(+)
 create mode 100644 wiki/finance/trading/smart-money-concepts-library.md
 create mode 100644 wiki/projects/vital-ring-platform-transition-v1.md
 create mode 100644 wiki/projects/vital-ring-platform-transition-v2.md
fatal: could not read Username for 'https://github.com': Device not configured
[2026-04-24 01:00:01] git push failed
[2026-04-24 01:00:01] git push failed
[2026-04-24 01:00:01] Git pushed
[2026-04-24 01:00:01] Git pushed
[2026-04-24 01:00:01] === Compile done ===
[2026-04-24 01:00:01] === Compile done ===
✅ Built /Users/andrew/PRJs/personal-wiki/index.html (61,707 bytes, 4 tabs)
[2026-04-25 01:00:00] === Compile started (mode: --daily) ===
[2026-04-25 01:00:00] === Compile started (mode: --daily) ===
[2026-04-25 01:00:00] Ollama OK (qwen2.5:72b)
[2026-04-25 01:00:00] Ollama OK (qwen2.5:72b)
[main ced7d74] auto: wiki compile 2026-04-25
 1 file changed, 3 insertions(+)
fatal: could not read Username for 'https://github.com': Device not configured
[2026-04-25 01:00:01] git push failed
[2026-04-25 01:00:01] git push failed
[2026-04-25 01:00:01] Git pushed
[2026-04-25 01:00:01] Git pushed
[2026-04-25 01:00:01] === Compile done ===
[2026-04-25 01:00:01] === Compile done ===
✅ Built /Users/andrew/PRJs/personal-wiki/index.html (61,707 bytes, 4 tabs)
[2026-04-26 01:00:00] === Compile started (mode: --daily) ===
[2026-04-26 01:00:00] === Compile started (mode: --daily) ===
[2026-04-26 01:00:00] Ollama OK (qwen2.5:72b)
[2026-04-26 01:00:00] Ollama OK (qwen2.5:72b)
[main 1ceb5cf] auto: wiki compile 2026-04-26
 1 file changed, 3 insertions(+)
fatal: could not read Username for 'https://github.com': Device not configured
[2026-04-26 01:00:01] git push failed
[2026-04-26 01:00:01] git push failed
[2026-04-26 01:00:01] Git pushed
[2026-04-26 01:00:01] Git pushed
[2026-04-26 01:00:01] === Compile done ===
[2026-04-26 01:00:01] === Compile done ===
✅ Built /Users/andrew/PRJs/personal-wiki/index.html (61,707 bytes, 4 tabs)
[2026-04-27 01:00:00] === Compile started (mode: --daily) ===
[2026-04-27 01:00:00] === Compile started (mode: --daily) ===
[2026-04-27 01:00:00] Ollama OK (qwen2.5:72b)
[2026-04-27 01:00:00] Ollama OK (qwen2.5:72b)
[main 6d85ff6] auto: wiki compile 2026-04-27
 1 file changed, 3 insertions(+)
fatal: could not read Username for 'https://github.com': Device not configured
[2026-04-27 01:00:01] git push failed
[2026-04-27 01:00:01] git push failed
[2026-04-27 01:00:01] Git pushed
[2026-04-27 01:00:01] Git pushed
[2026-04-27 01:00:01] === Compile done ===
[2026-04-27 01:00:01] === Compile done ===
✅ Built /Users/andrew/PRJs/personal-wiki/index.html (61,707 bytes, 4 tabs)
[2026-04-28 01:00:01] === Compile started (mode: --daily) ===
[2026-04-28 01:00:01] === Compile started (mode: --daily) ===
[2026-04-28 01:00:01] Ollama OK (qwen2.5:72b)
[2026-04-28 01:00:01] Ollama OK (qwen2.5:72b)
[main c295754] auto: wiki compile 2026-04-28
 1 file changed, 3 insertions(+)
fatal: could not read Username for 'https://github.com': Device not configured
[2026-04-28 01:00:01] git push failed
[2026-04-28 01:00:01] git push failed
[2026-04-28 01:00:01] Git pushed
[2026-04-28 01:00:01] Git pushed
[2026-04-28 01:00:01] === Compile done ===
[2026-04-28 01:00:01] === Compile done ===
✅ Built /Users/andrew/PRJs/personal-wiki/index.html (61,707 bytes, 4 tabs)
[2026-04-29 01:00:00] === Compile started (mode: --daily) ===
[2026-04-29 01:00:00] === Compile started (mode: --daily) ===
[2026-04-29 01:00:00] Ollama OK (qwen2.5:72b)
[2026-04-29 01:00:00] Ollama OK (qwen2.5:72b)
[main 57aea7c] auto: wiki compile 2026-04-29
 2 files changed, 137 insertions(+)
 create mode 100644 wiki/business/y-tower-storage-architecture.md
fatal: could not read Username for 'https://github.com': Device not configured
[2026-04-29 01:00:00] git push failed
[2026-04-29 01:00:00] git push failed
[2026-04-29 01:00:00] Git pushed
[2026-04-29 01:00:00] Git pushed
[2026-04-29 01:00:00] === Compile done ===
[2026-04-29 01:00:00] === Compile done ===
✅ Built /Users/andrew/PRJs/personal-wiki/index.html (61,707 bytes, 4 tabs)
[2026-04-30 01:00:00] === Compile started (mode: --daily) ===
[2026-04-30 01:00:00] === Compile started (mode: --daily) ===
[2026-04-30 01:00:00] Ollama OK (qwen2.5:72b)
[2026-04-30 01:00:00] Ollama OK (qwen2.5:72b)
[main ab0cc19] auto: wiki compile 2026-04-30
 1 file changed, 3 insertions(+)
fatal: could not read Username for 'https://github.com': Device not configured
[2026-04-30 01:00:01] git push failed
[2026-04-30 01:00:01] git push failed
[2026-04-30 01:00:01] Git pushed
[2026-04-30 01:00:01] Git pushed
[2026-04-30 01:00:01] === Compile done ===
[2026-04-30 01:00:01] === Compile done ===
✅ Built /Users/andrew/PRJs/personal-wiki/index.html (61,707 bytes, 4 tabs)
[2026-05-01 01:00:00] === Compile started (mode: --daily) ===
[2026-05-01 01:00:00] === Compile started (mode: --daily) ===
[2026-05-01 01:00:00] ❌ Ollama not running or qwen2.5:72b not available
[2026-05-01 01:00:00] ❌ Ollama not running or qwen2.5:72b not available
[2026-05-02 01:00:00] === Compile started (mode: --daily) ===
[2026-05-02 01:00:00] === Compile started (mode: --daily) ===
[2026-05-02 01:00:00] ❌ Ollama not running or qwen2.5:72b not available
[2026-05-02 01:00:00] ❌ Ollama not running or qwen2.5:72b not available
[2026-05-03 01:00:00] === Compile started (mode: --daily) ===
[2026-05-03 01:00:00] === Compile started (mode: --daily) ===
[2026-05-03 01:00:00] ❌ Ollama not running or qwen2.5:72b not available
[2026-05-03 01:00:00] ❌ Ollama not running or qwen2.5:72b not available
[2026-05-04 01:00:01] === Compile started (mode: --daily) ===
[2026-05-04 01:00:01] === Compile started (mode: --daily) ===
[2026-05-04 01:00:01] llama-server OK (qwen3:32b)
[2026-05-04 01:00:01] llama-server OK (qwen3:32b)
[main b5adfc8] auto: wiki compile 2026-05-04
 1 file changed, 3 insertions(+)
To github.com:antryu/personal-wiki.git
   dfe9b30..b5adfc8  main -> main
[2026-05-04 01:00:05] Git pushed
[2026-05-04 01:00:05] Git pushed
[2026-05-04 01:00:05] === Compile done ===
[2026-05-04 01:00:05] === Compile done ===
✅ Built /Users/andrew/PRJs/personal-wiki/index.html (61,707 bytes, 4 tabs)
[2026-05-05 01:00:00] === Compile started (mode: --daily) ===
[2026-05-05 01:00:00] === Compile started (mode: --daily) ===
[2026-05-05 01:00:00] llama-server OK (qwen3:32b)
[2026-05-05 01:00:00] llama-server OK (qwen3:32b)
[2026-05-05 01:00:00] No changes to commit
[2026-05-05 01:00:00] No changes to commit
[2026-05-05 01:00:00] === Compile done ===
[2026-05-05 01:00:00] === Compile done ===
✅ Built /Users/andrew/PRJs/personal-wiki/index.html (61,707 bytes, 4 tabs)
[2026-05-06 01:00:00] === Compile started (mode: --daily) ===
[2026-05-06 01:00:00] === Compile started (mode: --daily) ===
[2026-05-06 01:00:00] llama-server OK (qwen3:32b)
[2026-05-06 01:00:00] llama-server OK (qwen3:32b)
[main 3285bc5] auto: wiki compile 2026-05-06
 1 file changed, 3 insertions(+)
To github.com:antryu/personal-wiki.git
   f2731f9..3285bc5  main -> main
[2026-05-06 01:00:05] Git pushed
[2026-05-06 01:00:05] Git pushed
[2026-05-06 01:00:05] === Compile done ===
[2026-05-06 01:00:05] === Compile done ===
✅ Built /Users/andrew/PRJs/personal-wiki/index.html (61,707 bytes, 4 tabs)
